
Memory Configuration

Name             Origin             Length             Attributes
vexriscv_debug   0x00000000f00f0000 0x0000000000000100
dff              0x0000000000000000 0x0000000000000400
dff2             0x0000000000000400 0x0000000000000200
flash            0x0000000010000000 0x0000000001000000
mprj             0x0000000030000000 0x0000000000100000
mprjram          0x0000000038000000 0x0000000000400000
hk               0x0000000026000000 0x0000000000100000
csr              0x00000000f0000000 0x0000000000010000
*default*        0x0000000000000000 0xffffffffffffffff

Linker script and memory map

                0x0000000000000000                __DYNAMIC = 0x0

.text           0x0000000010000000      0x3f8
                0x0000000010000000                _ftext = .
 *crt0*(.text)
 .text          0x0000000010000000      0x144 counter_la_fir.elf-crt0_vex.o
                0x0000000010000000                _start
                0x0000000010000020                trap_entry
 *crt0*(.text)
 *(.text.isr)
                0x0000000010000144                _etext = .
 .text          0x0000000010000144       0x28 counter_la_fir.elf-isr.o
                0x0000000010000144                isr
 .text          0x000000001000016c        0x0 counter_la_fir.elf-fir.o
 .text          0x000000001000016c      0x28c counter_la_fir.elf-counter_la_fir.o
                0x000000001000016c                putchar
                0x00000000100001b8                print
                0x00000000100001f0                main

.rela.dyn       0x00000000100003f8        0x0
 .rela.text     0x00000000100003f8        0x0 counter_la_fir.elf-crt0_vex.o

.rodata         0x00000000100003f8        0x0
                0x00000000100003f8                . = ALIGN (0x8)
 *fill*         0x00000000100003f8        0x0 
                0x00000000100003f8                _frodata = .
 *(.rodata .rodata.* .gnu.linkonce.r.*)
 *(.rodata1)
                0x00000000100003f8                . = ALIGN (0x8)
                0x00000000100003f8                _erodata = .

.data           0x0000000000000000       0x30 load address 0x00000000100003f8
                0x0000000000000000                . = ALIGN (0x8)
                0x0000000000000000                _fdata = .
 *(.data .data.* .gnu.linkonce.d.*)
 .data          0x0000000000000000        0x0 counter_la_fir.elf-crt0_vex.o
 .data          0x0000000000000000        0x0 counter_la_fir.elf-isr.o
 .data          0x0000000000000000       0x2c counter_la_fir.elf-fir.o
                0x0000000000000000                taps
 .data          0x000000000000002c        0x0 counter_la_fir.elf-counter_la_fir.o
 *(.data1)
                0x0000000000000030                _gp = ALIGN (0x10)
 *(.sdata .sdata.* .gnu.linkonce.s.*)
                0x0000000000000030                . = ALIGN (0x8)
 *fill*         0x000000000000002c        0x4 
                0x0000000000000030                _edata = .

.bss            0x0000000000000030       0xa8 load address 0x0000000010000428
                0x0000000000000030                . = ALIGN (0x8)
                0x0000000000000030                _fbss = .
 *(.dynsbss)
 *(.sbss .sbss.* .gnu.linkonce.sb.*)
 .sbss          0x0000000000000030        0x2 counter_la_fir.elf-isr.o
                0x0000000000000030                flag
 *(.scommon)
 *(.dynbss)
 *(.bss .bss.* .gnu.linkonce.b.*)
 .bss           0x0000000000000032        0x0 counter_la_fir.elf-crt0_vex.o
 .bss           0x0000000000000032        0x0 counter_la_fir.elf-isr.o
 *fill*         0x0000000000000032        0x2 
 .bss           0x0000000000000034       0xa4 counter_la_fir.elf-fir.o
                0x0000000000000034                x
                0x0000000000000070                outputsignal
                0x00000000000000ac                inputbuffer
 .bss           0x00000000000000d8        0x0 counter_la_fir.elf-counter_la_fir.o
 *(COMMON)
                0x00000000000000d8                . = ALIGN (0x8)
                0x00000000000000d8                _ebss = .
                0x00000000000000d8                _end = .

.mprjram        0x0000000038000000      0x150 load address 0x0000000010000428
                0x0000000038000000                . = ALIGN (0x8)
                0x0000000038000000                _fsram = .
 *libgcc.a:*(.text .text.*)
 .mprjram       0x0000000038000000      0x150 counter_la_fir.elf-fir.o
                0x0000000038000000                initfir
                0x0000000038000038                WB_read
                0x0000000038000040                WB_write
                0x0000000038000048                fir_HW
                0x0000000000000600                PROVIDE (_fstack = (ORIGIN (dff2) + LENGTH (dff2)))
                0x00000000100003f8                PROVIDE (_fdata_rom = LOADADDR (.data))
                [!provide]                        PROVIDE (_edata_rom = (LOADADDR (.data) + SIZEOF (.data)))
                0x0000000038000150                PROVIDE (_esram = (ORIGIN (mprjram) + SIZEOF (.mprjram)))
                0x0000000010000428                PROVIDE (_esram_rom = LOADADDR (.mprjram))
LOAD counter_la_fir.elf-crt0_vex.o
LOAD counter_la_fir.elf-isr.o
LOAD counter_la_fir.elf-fir.o
LOAD counter_la_fir.elf-counter_la_fir.o
LOAD /opt/riscv/lib/gcc/riscv32-unknown-elf/12.1.0/libgcc.a
START GROUP
LOAD /opt/riscv/lib/gcc/riscv32-unknown-elf/12.1.0/../../../../riscv32-unknown-elf/lib/libc.a
LOAD /opt/riscv/lib/gcc/riscv32-unknown-elf/12.1.0/../../../../riscv32-unknown-elf/lib/libgloss.a
END GROUP
LOAD /opt/riscv/lib/gcc/riscv32-unknown-elf/12.1.0/libgcc.a
OUTPUT(counter_la_fir.elf elf32-littleriscv)

.riscv.attributes
                0x0000000000000000       0x20
 .riscv.attributes
                0x0000000000000000       0x1e counter_la_fir.elf-crt0_vex.o
 .riscv.attributes
                0x000000000000001e       0x20 counter_la_fir.elf-isr.o
 .riscv.attributes
                0x000000000000003e       0x1c counter_la_fir.elf-fir.o
 .riscv.attributes
                0x000000000000005a       0x1c counter_la_fir.elf-counter_la_fir.o

.comment        0x0000000000000000       0x1b
 .comment       0x0000000000000000       0x1b counter_la_fir.elf-isr.o
                                         0x1c (size before relaxing)
 .comment       0x000000000000001b       0x1c counter_la_fir.elf-fir.o
 .comment       0x000000000000001b       0x1c counter_la_fir.elf-counter_la_fir.o

.debug_line     0x0000000000000000      0xd92
 .debug_line    0x0000000000000000      0x204 counter_la_fir.elf-crt0_vex.o
 .debug_line    0x0000000000000204       0xb3 counter_la_fir.elf-isr.o
 .debug_line    0x00000000000002b7      0x398 counter_la_fir.elf-fir.o
 .debug_line    0x000000000000064f      0x743 counter_la_fir.elf-counter_la_fir.o

.debug_line_str
                0x0000000000000000       0xd9
 .debug_line_str
                0x0000000000000000       0x59 counter_la_fir.elf-crt0_vex.o
 .debug_line_str
                0x0000000000000059       0x62 counter_la_fir.elf-isr.o
                                         0xfb (size before relaxing)
 .debug_line_str
                0x00000000000000bb        0x6 counter_la_fir.elf-fir.o
                                         0xd9 (size before relaxing)
 .debug_line_str
                0x00000000000000c1       0x18 counter_la_fir.elf-counter_la_fir.o
                                        0x10a (size before relaxing)

.debug_info     0x0000000000000000      0x573
 .debug_info    0x0000000000000000       0x25 counter_la_fir.elf-crt0_vex.o
 .debug_info    0x0000000000000025       0xdc counter_la_fir.elf-isr.o
 .debug_info    0x0000000000000101      0x328 counter_la_fir.elf-fir.o
 .debug_info    0x0000000000000429      0x14a counter_la_fir.elf-counter_la_fir.o

.debug_abbrev   0x0000000000000000      0x396
 .debug_abbrev  0x0000000000000000       0x14 counter_la_fir.elf-crt0_vex.o
 .debug_abbrev  0x0000000000000014       0xa2 counter_la_fir.elf-isr.o
 .debug_abbrev  0x00000000000000b6      0x1d1 counter_la_fir.elf-fir.o
 .debug_abbrev  0x0000000000000287      0x10f counter_la_fir.elf-counter_la_fir.o

.debug_aranges  0x0000000000000000       0x98
 .debug_aranges
                0x0000000000000000       0x20 counter_la_fir.elf-crt0_vex.o
 .debug_aranges
                0x0000000000000020       0x20 counter_la_fir.elf-isr.o
 .debug_aranges
                0x0000000000000040       0x38 counter_la_fir.elf-fir.o
 .debug_aranges
                0x0000000000000078       0x20 counter_la_fir.elf-counter_la_fir.o

.debug_str      0x0000000000000000      0x1ee
 .debug_str     0x0000000000000000       0x65 counter_la_fir.elf-crt0_vex.o
 .debug_str     0x0000000000000065       0xce counter_la_fir.elf-isr.o
                                        0x107 (size before relaxing)
 .debug_str     0x0000000000000133       0xa8 counter_la_fir.elf-fir.o
                                        0x190 (size before relaxing)
 .debug_str     0x00000000000001db       0x13 counter_la_fir.elf-counter_la_fir.o
                                        0x107 (size before relaxing)

.debug_loclists
                0x0000000000000000      0x24b
 .debug_loclists
                0x0000000000000000       0x19 counter_la_fir.elf-isr.o
 .debug_loclists
                0x0000000000000019      0x1c4 counter_la_fir.elf-fir.o
 .debug_loclists
                0x00000000000001dd       0x6e counter_la_fir.elf-counter_la_fir.o

.debug_frame    0x0000000000000000      0x104
 .debug_frame   0x0000000000000000       0x20 counter_la_fir.elf-isr.o
 .debug_frame   0x0000000000000020       0x60 counter_la_fir.elf-fir.o
 .debug_frame   0x0000000000000080       0x84 counter_la_fir.elf-counter_la_fir.o

.debug_rnglists
                0x0000000000000000       0x90
 .debug_rnglists
                0x0000000000000000       0x90 counter_la_fir.elf-fir.o
