Archive member included to satisfy reference by file (symbol)

/opt/riscv/lib/gcc/riscv32-unknown-elf/12.1.0/libgcc.a(muldi3.o)
                              counter_la_mm.elf-matmul.o (__mulsi3)

Memory Configuration

Name             Origin             Length             Attributes
vexriscv_debug   0x00000000f00f0000 0x0000000000000100
dff              0x0000000000000000 0x0000000000000400
dff2             0x0000000000000400 0x0000000000000200
flash            0x0000000010000000 0x0000000001000000
mprj             0x0000000030000000 0x0000000000100000
mprjram          0x0000000038000000 0x0000000000000200
mdata            0x0000000038000200 0x0000000000000200
hk               0x0000000026000000 0x0000000000100000
csr              0x00000000f0000000 0x0000000000010000
*default*        0x0000000000000000 0xffffffffffffffff

Linker script and memory map

                0x0000000000000000                __DYNAMIC = 0x0

.text           0x0000000010000000      0x34c
                0x0000000010000000                _ftext = .
 *crt0*(.text)
 .text          0x0000000010000000      0x154 counter_la_mm.elf-crt0_vex.o
                0x0000000010000000                _start
                0x0000000010000020                trap_entry
 *crt0*(.text)
 *(.text.isr)
 //*(.text .stub .text.* .gnu.linkonce.t.*)
                0x0000000010000154                _etext = .
 .text          0x0000000010000154       0x2c counter_la_mm.elf-isr.o
                0x0000000010000154                isr
 .text          0x0000000010000180        0x0 counter_la_mm.elf-matmul.o
 .text          0x0000000010000180      0x1cc counter_la_mm.elf-counter_la_mm.o
                0x0000000010000180                putchar
                0x00000000100001cc                print
                0x0000000010000204                main

.rodata         0x000000001000034c        0x4
                0x0000000010000350                . = ALIGN (0x8)
 *fill*         0x000000001000034c        0x4 
                0x0000000010000350                _frodata = .
 *(.rodata .rodata.* .gnu.linkonce.r.*)
 *(.rodata1)
                0x0000000010000350                . = ALIGN (0x8)
                0x0000000010000350                _erodata = .

.data           0x0000000038000200       0x80 load address 0x0000000010000350
                0x0000000038000200                . = ALIGN (0x8)
                0x0000000038000200                _fdata = .
 *(.data .data.* .gnu.linkonce.d.*)
 .data          0x0000000038000200        0x0 counter_la_mm.elf-crt0_vex.o
 .data          0x0000000038000200        0x0 counter_la_mm.elf-isr.o
 .data          0x0000000038000200       0x80 counter_la_mm.elf-matmul.o
                0x0000000038000200                A
                0x0000000038000240                B
 .data          0x0000000038000280        0x0 counter_la_mm.elf-counter_la_mm.o
 .data          0x0000000038000280        0x0 /opt/riscv/lib/gcc/riscv32-unknown-elf/12.1.0/libgcc.a(muldi3.o)
 *(.data1)
                0x0000000038000280                _gp = ALIGN (0x10)
 *(.sdata .sdata.* .gnu.linkonce.s.*)
                0x0000000038000280                . = ALIGN (0x8)
                0x0000000038000280                _edata = .

.bss            0x0000000038000280       0x48 load address 0x00000000100003d0
                0x0000000038000280                . = ALIGN (0x8)
                0x0000000038000280                _fbss = .
 *(.dynsbss)
 *(.sbss .sbss.* .gnu.linkonce.sb.*)
 .sbss          0x0000000038000280        0x2 counter_la_mm.elf-isr.o
                0x0000000038000280                flag
 *(.scommon)
 *(.dynbss)
 *(.bss .bss.* .gnu.linkonce.b.*)
 .bss           0x0000000038000282        0x0 counter_la_mm.elf-crt0_vex.o
 .bss           0x0000000038000282        0x0 counter_la_mm.elf-isr.o
 *fill*         0x0000000038000282        0x2 
 .bss           0x0000000038000284       0x40 counter_la_mm.elf-matmul.o
                0x0000000038000284                result
 .bss           0x00000000380002c4        0x0 counter_la_mm.elf-counter_la_mm.o
 .bss           0x00000000380002c4        0x0 /opt/riscv/lib/gcc/riscv32-unknown-elf/12.1.0/libgcc.a(muldi3.o)
 *(COMMON)
                0x00000000380002c8                . = ALIGN (0x8)
 *fill*         0x00000000380002c4        0x4 
                0x00000000380002c8                _ebss = .
                0x00000000380002c8                _end = .

.mprjram        0x0000000038000000      0x124 load address 0x00000000100003d0
                0x0000000038000000                . = ALIGN (0x8)
                0x0000000038000000                _fsram = .
 *libgcc.a:*(.text .text.*)
 .text          0x0000000038000000       0x24 /opt/riscv/lib/gcc/riscv32-unknown-elf/12.1.0/libgcc.a(muldi3.o)
                0x0000000038000000                __mulsi3
 .mprjram       0x0000000038000024      0x100 counter_la_mm.elf-matmul.o
                0x0000000038000024                matmul
                0x0000000000000600                PROVIDE (_fstack = (ORIGIN (dff2) + LENGTH (dff2)))
                0x0000000010000350                PROVIDE (_fdata_rom = LOADADDR (.data))
                [!provide]                        PROVIDE (_edata_rom = (LOADADDR (.data) + SIZEOF (.data)))
                0x0000000038000124                PROVIDE (_esram = (ORIGIN (mprjram) + SIZEOF (.mprjram)))
                0x00000000100003d0                PROVIDE (_esram_rom = LOADADDR (.mprjram))
LOAD counter_la_mm.elf-crt0_vex.o
LOAD counter_la_mm.elf-isr.o
LOAD counter_la_mm.elf-matmul.o
LOAD counter_la_mm.elf-counter_la_mm.o
LOAD /opt/riscv/lib/gcc/riscv32-unknown-elf/12.1.0/libgcc.a
START GROUP
LOAD /opt/riscv/lib/gcc/riscv32-unknown-elf/12.1.0/../../../../riscv32-unknown-elf/lib/libc.a
LOAD /opt/riscv/lib/gcc/riscv32-unknown-elf/12.1.0/../../../../riscv32-unknown-elf/lib/libgloss.a
END GROUP
LOAD /opt/riscv/lib/gcc/riscv32-unknown-elf/12.1.0/libgcc.a
OUTPUT(counter_la_mm.elf elf32-littleriscv)

.rela.dyn       0x0000000038000124        0x0 load address 0x00000000100004f4
 .rela.text     0x0000000038000124        0x0 counter_la_mm.elf-crt0_vex.o

.riscv.attributes
                0x0000000000000000       0x20
 .riscv.attributes
                0x0000000000000000       0x1e counter_la_mm.elf-crt0_vex.o
 .riscv.attributes
                0x000000000000001e       0x20 counter_la_mm.elf-isr.o
 .riscv.attributes
                0x000000000000003e       0x1c counter_la_mm.elf-matmul.o
 .riscv.attributes
                0x000000000000005a       0x1c counter_la_mm.elf-counter_la_mm.o
 .riscv.attributes
                0x0000000000000076       0x1a /opt/riscv/lib/gcc/riscv32-unknown-elf/12.1.0/libgcc.a(muldi3.o)

.comment        0x0000000000000000       0x1b
 .comment       0x0000000000000000       0x1b counter_la_mm.elf-isr.o
                                         0x1c (size before relaxing)
 .comment       0x000000000000001b       0x1c counter_la_mm.elf-matmul.o
 .comment       0x000000000000001b       0x1c counter_la_mm.elf-counter_la_mm.o

.debug_line     0x0000000000000000      0x988
 .debug_line    0x0000000000000000      0x204 counter_la_mm.elf-crt0_vex.o
 .debug_line    0x0000000000000204       0xb3 counter_la_mm.elf-isr.o
 .debug_line    0x00000000000002b7      0x164 counter_la_mm.elf-matmul.o
 .debug_line    0x000000000000041b      0x4f3 counter_la_mm.elf-counter_la_mm.o
 .debug_line    0x000000000000090e       0x7a /opt/riscv/lib/gcc/riscv32-unknown-elf/12.1.0/libgcc.a(muldi3.o)

.debug_line_str
                0x0000000000000000      0x167
 .debug_line_str
                0x0000000000000000       0x48 counter_la_mm.elf-crt0_vex.o
 .debug_line_str
                0x0000000000000048       0x62 counter_la_mm.elf-isr.o
                                         0xd9 (size before relaxing)
 .debug_line_str
                0x00000000000000aa       0x12 counter_la_mm.elf-matmul.o
                                         0x80 (size before relaxing)
 .debug_line_str
                0x00000000000000bc       0x17 counter_la_mm.elf-counter_la_mm.o
                                         0xe5 (size before relaxing)
 .debug_line_str
                0x00000000000000d3       0x94 /opt/riscv/lib/gcc/riscv32-unknown-elf/12.1.0/libgcc.a(muldi3.o)

.debug_info     0x0000000000000000      0x355
 .debug_info    0x0000000000000000       0x25 counter_la_mm.elf-crt0_vex.o
 .debug_info    0x0000000000000025       0xdc counter_la_mm.elf-isr.o
 .debug_info    0x0000000000000101       0xf0 counter_la_mm.elf-matmul.o
 .debug_info    0x00000000000001f1      0x135 counter_la_mm.elf-counter_la_mm.o
 .debug_info    0x0000000000000326       0x2f /opt/riscv/lib/gcc/riscv32-unknown-elf/12.1.0/libgcc.a(muldi3.o)

.debug_abbrev   0x0000000000000000      0x2a6
 .debug_abbrev  0x0000000000000000       0x14 counter_la_mm.elf-crt0_vex.o
 .debug_abbrev  0x0000000000000014       0xa2 counter_la_mm.elf-isr.o
 .debug_abbrev  0x00000000000000b6       0xd1 counter_la_mm.elf-matmul.o
 .debug_abbrev  0x0000000000000187       0xfe counter_la_mm.elf-counter_la_mm.o
 .debug_abbrev  0x0000000000000285       0x21 /opt/riscv/lib/gcc/riscv32-unknown-elf/12.1.0/libgcc.a(muldi3.o)

.debug_aranges  0x0000000000000000       0xa0
 .debug_aranges
                0x0000000000000000       0x20 counter_la_mm.elf-crt0_vex.o
 .debug_aranges
                0x0000000000000020       0x20 counter_la_mm.elf-isr.o
 .debug_aranges
                0x0000000000000040       0x20 counter_la_mm.elf-matmul.o
 .debug_aranges
                0x0000000000000060       0x20 counter_la_mm.elf-counter_la_mm.o
 .debug_aranges
                0x0000000000000080       0x20 /opt/riscv/lib/gcc/riscv32-unknown-elf/12.1.0/libgcc.a(muldi3.o)

.debug_str      0x0000000000000000      0x1e6
 .debug_str     0x0000000000000000       0x54 counter_la_mm.elf-crt0_vex.o
 .debug_str     0x0000000000000054       0xce counter_la_mm.elf-isr.o
                                        0x107 (size before relaxing)
 .debug_str     0x0000000000000122       0x1d counter_la_mm.elf-matmul.o
                                         0x85 (size before relaxing)
 .debug_str     0x000000000000013f       0x13 counter_la_mm.elf-counter_la_mm.o
                                        0x107 (size before relaxing)
 .debug_str     0x0000000000000152       0x94 /opt/riscv/lib/gcc/riscv32-unknown-elf/12.1.0/libgcc.a(muldi3.o)
                                         0xa9 (size before relaxing)

.debug_loclists
                0x0000000000000000       0xd1
 .debug_loclists
                0x0000000000000000       0x19 counter_la_mm.elf-isr.o
 .debug_loclists
                0x0000000000000019       0x62 counter_la_mm.elf-matmul.o
 .debug_loclists
                0x000000000000007b       0x56 counter_la_mm.elf-counter_la_mm.o

.debug_frame    0x0000000000000000       0xf4
 .debug_frame   0x0000000000000000       0x20 counter_la_mm.elf-isr.o
 .debug_frame   0x0000000000000020       0x5c counter_la_mm.elf-matmul.o
 .debug_frame   0x000000000000007c       0x78 counter_la_mm.elf-counter_la_mm.o

.debug_rnglists
                0x0000000000000000       0x16
 .debug_rnglists
                0x0000000000000000       0x16 counter_la_mm.elf-matmul.o
